Component: ARM Compiler 5.06 update 7 (build 960) Tool: armlink [4d3601]

==============================================================================

Section Cross References

    startup_stm32f030x8.o(STACK) refers (Special) to heapauxi.o(.text) for __use_two_region_memory
    startup_stm32f030x8.o(HEAP) refers (Special) to heapauxi.o(.text) for __use_two_region_memory
    startup_stm32f030x8.o(RESET) refers (Special) to heapauxi.o(.text) for __use_two_region_memory
    startup_stm32f030x8.o(RESET) refers to startup_stm32f030x8.o(STACK) for __initial_sp
    startup_stm32f030x8.o(RESET) refers to startup_stm32f030x8.o(.text) for Reset_Handler
    startup_stm32f030x8.o(RESET) refers to stm32f0xx_it.o(i.NMI_Handler) for NMI_Handler
    startup_stm32f030x8.o(RESET) refers to stm32f0xx_it.o(i.HardFault_Handler) for HardFault_Handler
    startup_stm32f030x8.o(RESET) refers to stm32f0xx_it.o(i.SVC_Handler) for SVC_Handler
    startup_stm32f030x8.o(RESET) refers to stm32f0xx_it.o(i.PendSV_Handler) for PendSV_Handler
    startup_stm32f030x8.o(RESET) refers to stm32f0xx_it.o(i.SysTick_Handler) for SysTick_Handler
    startup_stm32f030x8.o(RESET) refers to stm32f0xx_it.o(i.USART2_IRQHandler) for USART2_IRQHandler
    startup_stm32f030x8.o(.text) refers (Special) to heapauxi.o(.text) for __use_two_region_memory
    startup_stm32f030x8.o(.text) refers to system_stm32f0xx.o(i.SystemInit) for SystemInit
    startup_stm32f030x8.o(.text) refers to __main.o(!!!main) for __main
    startup_stm32f030x8.o(.text) refers to startup_stm32f030x8.o(HEAP) for Heap_Mem
    startup_stm32f030x8.o(.text) refers to startup_stm32f030x8.o(STACK) for Stack_Mem
    main.o(i.MX_GPIO_Init) refers to rt_memclr.o(.text) for __aeabi_memclr4
    main.o(i.MX_GPIO_Init) refers to main.o(i.LL_AHB1_GRP1_EnableClock) for LL_AHB1_GRP1_EnableClock
    main.o(i.MX_GPIO_Init) refers to stm32f0xx_ll_exti.o(i.LL_EXTI_Init) for LL_EXTI_Init
    main.o(i.MX_GPIO_Init) refers to stm32f0xx_ll_gpio.o(i.LL_GPIO_Init) for LL_GPIO_Init
    main.o(i.MX_USART2_UART_Init) refers to rt_memclr.o(.text) for __aeabi_memclr4
    main.o(i.MX_USART2_UART_Init) refers to main.o(i.LL_APB1_GRP1_EnableClock) for LL_APB1_GRP1_EnableClock
    main.o(i.MX_USART2_UART_Init) refers to main.o(i.LL_AHB1_GRP1_EnableClock) for LL_AHB1_GRP1_EnableClock
    main.o(i.MX_USART2_UART_Init) refers to stm32f0xx_ll_gpio.o(i.LL_GPIO_Init) for LL_GPIO_Init
    main.o(i.MX_USART2_UART_Init) refers to stm32f0xx_ll_usart.o(i.LL_USART_Init) for LL_USART_Init
    main.o(i.SystemClock_Config) refers to stm32f0xx_ll_utils.o(i.LL_Init1msTick) for LL_Init1msTick
    main.o(i.SystemClock_Config) refers to stm32f0xx_ll_utils.o(i.LL_SetSystemCoreClock) for LL_SetSystemCoreClock
    main.o(i.main) refers to main.o(i.LL_APB1_GRP1_EnableClock) for LL_APB1_GRP1_EnableClock
    main.o(i.main) refers to main.o(i.SystemClock_Config) for SystemClock_Config
    main.o(i.main) refers to main.o(i.MX_GPIO_Init) for MX_GPIO_Init
    main.o(i.main) refers to main.o(i.MX_USART2_UART_Init) for MX_USART2_UART_Init
    main.o(i.main) refers to tcobstest.o(i.TCOBSEncodeTest) for TCOBSEncodeTest
    main.o(i.main) refers to tcobstest.o(i.TCOBSDecodeTest) for TCOBSDecodeTest
    stm32f0xx_ll_gpio.o(i.LL_GPIO_DeInit) refers to stm32f0xx_ll_gpio.o(i.LL_AHB1_GRP1_ForceReset) for LL_AHB1_GRP1_ForceReset
    stm32f0xx_ll_gpio.o(i.LL_GPIO_DeInit) refers to stm32f0xx_ll_gpio.o(i.LL_AHB1_GRP1_ReleaseReset) for LL_AHB1_GRP1_ReleaseReset
    stm32f0xx_ll_usart.o(i.LL_USART_Init) refers to stm32f0xx_ll_rcc.o(i.LL_RCC_GetUSARTClockFreq) for LL_RCC_GetUSARTClockFreq
    stm32f0xx_ll_usart.o(i.LL_USART_Init) refers to stm32f0xx_ll_rcc.o(i.LL_RCC_GetSystemClocksFreq) for LL_RCC_GetSystemClocksFreq
    stm32f0xx_ll_usart.o(i.LL_USART_Init) refers to aeabi_sdiv.o(.text) for __aeabi_uidivmod
    stm32f0xx_ll_rcc.o(i.LL_RCC_GetI2CClockFreq) refers to stm32f0xx_ll_rcc.o(i.RCC_GetSystemClockFreq) for RCC_GetSystemClockFreq
    stm32f0xx_ll_rcc.o(i.LL_RCC_GetSystemClocksFreq) refers to stm32f0xx_ll_rcc.o(i.RCC_GetSystemClockFreq) for RCC_GetSystemClockFreq
    stm32f0xx_ll_rcc.o(i.LL_RCC_GetSystemClocksFreq) refers to stm32f0xx_ll_rcc.o(i.RCC_GetHCLKClockFreq) for RCC_GetHCLKClockFreq
    stm32f0xx_ll_rcc.o(i.LL_RCC_GetSystemClocksFreq) refers to stm32f0xx_ll_rcc.o(i.RCC_GetPCLK1ClockFreq) for RCC_GetPCLK1ClockFreq
    stm32f0xx_ll_rcc.o(i.LL_RCC_GetUSARTClockFreq) refers to stm32f0xx_ll_rcc.o(i.RCC_GetSystemClockFreq) for RCC_GetSystemClockFreq
    stm32f0xx_ll_rcc.o(i.LL_RCC_GetUSARTClockFreq) refers to stm32f0xx_ll_rcc.o(i.RCC_GetHCLKClockFreq) for RCC_GetHCLKClockFreq
    stm32f0xx_ll_rcc.o(i.LL_RCC_GetUSARTClockFreq) refers to stm32f0xx_ll_rcc.o(i.RCC_GetPCLK1ClockFreq) for RCC_GetPCLK1ClockFreq
    stm32f0xx_ll_rcc.o(i.RCC_GetHCLKClockFreq) refers to system_stm32f0xx.o(.constdata) for AHBPrescTable
    stm32f0xx_ll_rcc.o(i.RCC_GetPCLK1ClockFreq) refers to system_stm32f0xx.o(.constdata) for APBPrescTable
    stm32f0xx_ll_rcc.o(i.RCC_GetSystemClockFreq) refers to stm32f0xx_ll_rcc.o(i.RCC_PLL_GetFreqDomain_SYS) for RCC_PLL_GetFreqDomain_SYS
    stm32f0xx_ll_rcc.o(i.RCC_PLL_GetFreqDomain_SYS) refers to aeabi_sdiv.o(.text) for __aeabi_uidivmod
    stm32f0xx_ll_dma.o(i.LL_DMA_Init) refers to stm32f0xx_ll_dma.o(.constdata) for .constdata
    stm32f0xx_ll_utils.o(i.LL_Init1msTick) refers to aeabi_sdiv.o(.text) for __aeabi_uidivmod
    stm32f0xx_ll_utils.o(i.LL_PLL_ConfigSystemClock_HSE) refers to stm32f0xx_ll_utils.o(i.UTILS_PLL_IsBusy) for UTILS_PLL_IsBusy
    stm32f0xx_ll_utils.o(i.LL_PLL_ConfigSystemClock_HSE) refers to stm32f0xx_ll_utils.o(i.UTILS_GetPLLOutputFrequency) for UTILS_GetPLLOutputFrequency
    stm32f0xx_ll_utils.o(i.LL_PLL_ConfigSystemClock_HSE) refers to stm32f0xx_ll_utils.o(i.LL_RCC_PLL_ConfigDomain_SYS) for LL_RCC_PLL_ConfigDomain_SYS
    stm32f0xx_ll_utils.o(i.LL_PLL_ConfigSystemClock_HSE) refers to stm32f0xx_ll_utils.o(i.UTILS_EnablePLLAndSwitchSystem) for UTILS_EnablePLLAndSwitchSystem
    stm32f0xx_ll_utils.o(i.LL_PLL_ConfigSystemClock_HSI) refers to stm32f0xx_ll_utils.o(i.UTILS_PLL_IsBusy) for UTILS_PLL_IsBusy
    stm32f0xx_ll_utils.o(i.LL_PLL_ConfigSystemClock_HSI) refers to stm32f0xx_ll_utils.o(i.UTILS_GetPLLOutputFrequency) for UTILS_GetPLLOutputFrequency
    stm32f0xx_ll_utils.o(i.LL_PLL_ConfigSystemClock_HSI) refers to stm32f0xx_ll_utils.o(i.LL_RCC_PLL_ConfigDomain_SYS) for LL_RCC_PLL_ConfigDomain_SYS
    stm32f0xx_ll_utils.o(i.LL_PLL_ConfigSystemClock_HSI) refers to stm32f0xx_ll_utils.o(i.UTILS_EnablePLLAndSwitchSystem) for UTILS_EnablePLLAndSwitchSystem
    stm32f0xx_ll_utils.o(i.LL_SetSystemCoreClock) refers to system_stm32f0xx.o(.data) for SystemCoreClock
    stm32f0xx_ll_utils.o(i.UTILS_EnablePLLAndSwitchSystem) refers to stm32f0xx_ll_utils.o(i.LL_SetFlashLatency) for LL_SetFlashLatency
    stm32f0xx_ll_utils.o(i.UTILS_EnablePLLAndSwitchSystem) refers to stm32f0xx_ll_utils.o(i.LL_SetSystemCoreClock) for LL_SetSystemCoreClock
    stm32f0xx_ll_utils.o(i.UTILS_EnablePLLAndSwitchSystem) refers to system_stm32f0xx.o(.constdata) for AHBPrescTable
    stm32f0xx_ll_utils.o(i.UTILS_EnablePLLAndSwitchSystem) refers to system_stm32f0xx.o(.data) for SystemCoreClock
    stm32f0xx_ll_utils.o(i.UTILS_GetPLLOutputFrequency) refers to aeabi_sdiv.o(.text) for __aeabi_uidivmod
    system_stm32f0xx.o(i.SystemCoreClockUpdate) refers to aeabi_sdiv.o(.text) for __aeabi_uidivmod
    system_stm32f0xx.o(i.SystemCoreClockUpdate) refers to system_stm32f0xx.o(.data) for .data
    system_stm32f0xx.o(i.SystemCoreClockUpdate) refers to system_stm32f0xx.o(.constdata) for .constdata
    tcobsencode.o(i.TCOBSEncode) refers to tcobsencode.o(i.writeZeroCount) for writeZeroCount
    tcobsencode.o(i.TCOBSEncode) refers to tcobsencode.o(i.writeFullCount) for writeFullCount
    tcobsencode.o(i.TCOBSEncode) refers to tcobsencode.o(i.writeNoopSigil) for writeNoopSigil
    tcobsencode.o(i.TCOBSEncode) refers to tcobsencode.o(i.writeRepeatCount) for writeRepeatCount
    tcobsencode.o(i.TCOBSEncode) refers to tcobsencode.o(i.writeLastSigil) for writeLastSigil
    tcobsencode.o(i.ntoCCQNF) refers to tcobsencode.o(.data) for .data
    tcobsencode.o(i.ntoCCQNZ) refers to tcobsencode.o(.data) for .data
    tcobsencode.o(i.ntoCCTNR) refers to tcobsencode.o(.data) for .data
    tcobsencode.o(i.writeFullCount) refers to tcobsencode.o(i.ntoCCQNF) for ntoCCQNF
    tcobsencode.o(i.writeFullCount) refers to tcobsencode.o(i.writeNoopSigil) for writeNoopSigil
    tcobsencode.o(i.writeLastSigil) refers to tcobsencode.o(i.writeNoopSigil) for writeNoopSigil
    tcobsencode.o(i.writeRepeatCount) refers to tcobsencode.o(i.ntoCCTNR) for ntoCCTNR
    tcobsencode.o(i.writeRepeatCount) refers to tcobsencode.o(i.writeNoopSigil) for writeNoopSigil
    tcobsencode.o(i.writeZeroCount) refers to tcobsencode.o(i.ntoCCQNZ) for ntoCCQNZ
    tcobsencode.o(i.writeZeroCount) refers to tcobsencode.o(i.writeNoopSigil) for writeNoopSigil
    tcobsdecode.o(i.TCOBSDecode) refers to tcobsdecode.o(i.writeFn) for writeFn
    tcobsdecode.o(i.TCOBSDecode) refers to tcobsdecode.o(i.writeRn) for writeRn
    tcobsdecode.o(i.TCOBSDecode) refers to tcobsdecode.o(i.writeZn) for writeZn
    tcobsdecode.o(i.writeFn) refers to tcobsdecode.o(i.CCQNFtoN) for CCQNFtoN
    tcobsdecode.o(i.writeRn) refers to tcobsdecode.o(i.CCTNRtoN) for CCTNRtoN
    tcobsdecode.o(i.writeZn) refers to tcobsdecode.o(i.CCQNZtoN) for CCQNZtoN
    tcobstest.o(i.TCOBSDecodeTest) refers to tcobsdecode.o(i.TCOBSDecode) for TCOBSDecode
    tcobstest.o(i.TCOBSDecodeTest) refers to tcobstest.o(.data) for .data
    tcobstest.o(i.TCOBSDecodeTest) refers to tcobstest.o(.bss) for .bss
    tcobstest.o(i.TCOBSEncodeTest) refers to tcobsencode.o(i.TCOBSEncode) for TCOBSEncode
    tcobstest.o(i.TCOBSEncodeTest) refers to tcobstest.o(.data) for .data
    tcobstest.o(i.TCOBSEncodeTest) refers to tcobstest.o(.bss) for .bss
    __main.o(!!!main) refers to __rtentry.o(.ARM.Collect$$rtentry$$00000000) for __rt_entry
    __rtentry.o(.ARM.Collect$$rtentry$$00000000) refers (Special) to __rtentry2.o(.ARM.Collect$$rtentry$$0000000A) for __rt_entry_li
    __rtentry.o(.ARM.Collect$$rtentry$$00000000) refers (Special) to __rtentry2.o(.ARM.Collect$$rtentry$$0000000D) for __rt_entry_main
    __rtentry.o(.ARM.Collect$$rtentry$$00000000) refers (Special) to __rtentry2.o(.ARM.Collect$$rtentry$$0000000C) for __rt_entry_postli_1
    __rtentry.o(.ARM.Collect$$rtentry$$00000000) refers (Special) to __rtentry2.o(.ARM.Collect$$rtentry$$00000009) for __rt_entry_postsh_1
    __rtentry.o(.ARM.Collect$$rtentry$$00000000) refers (Special) to __rtentry2.o(.ARM.Collect$$rtentry$$00000002) for __rt_entry_presh_1
    __rtentry.o(.ARM.Collect$$rtentry$$00000000) refers (Special) to __rtentry4.o(.ARM.Collect$$rtentry$$00000004) for __rt_entry_sh
    aeabi_idiv0_sigfpe.o(.text) refers to rt_div0.o(.text) for __rt_div0
    __rtentry2.o(.ARM.Collect$$rtentry$$00000008) refers to boardinit2.o(.text) for _platform_post_stackheap_init
    __rtentry2.o(.ARM.Collect$$rtentry$$0000000A) refers to libinit.o(.ARM.Collect$$libinit$$00000000) for __rt_lib_init
    __rtentry2.o(.ARM.Collect$$rtentry$$0000000B) refers to boardinit3.o(.text) for _platform_post_lib_init
    __rtentry2.o(.ARM.Collect$$rtentry$$0000000D) refers to main.o(i.main) for main
    __rtentry2.o(.ARM.Collect$$rtentry$$0000000D) refers to exit.o(.text) for exit
    __rtentry2.o(.ARM.exidx) refers to __rtentry2.o(.ARM.Collect$$rtentry$$00000001) for .ARM.Collect$$rtentry$$00000001
    __rtentry2.o(.ARM.exidx) refers to __rtentry2.o(.ARM.Collect$$rtentry$$00000008) for .ARM.Collect$$rtentry$$00000008
    __rtentry2.o(.ARM.exidx) refers to __rtentry2.o(.ARM.Collect$$rtentry$$0000000A) for .ARM.Collect$$rtentry$$0000000A
    __rtentry2.o(.ARM.exidx) refers to __rtentry2.o(.ARM.Collect$$rtentry$$0000000B) for .ARM.Collect$$rtentry$$0000000B
    __rtentry2.o(.ARM.exidx) refers to __rtentry2.o(.ARM.Collect$$rtentry$$0000000D) for .ARM.Collect$$rtentry$$0000000D
    __rtentry4.o(.ARM.Collect$$rtentry$$00000004) refers to sys_stackheap_outer.o(.text) for __user_setup_stackheap
    __rtentry4.o(.ARM.exidx) refers to __rtentry4.o(.ARM.Collect$$rtentry$$00000004) for .ARM.Collect$$rtentry$$00000004
    rt_div0.o(.text) refers to defsig_fpe_outer.o(.text) for __rt_SIGFPE
    sys_stackheap_outer.o(.text) refers to libspace.o(.text) for __user_perproc_libspace
    sys_stackheap_outer.o(.text) refers to startup_stm32f030x8.o(.text) for __user_initial_stackheap
    sys_stackheap_outer.o(__vectab_stack_and_reset_area) refers to tempstk.o(.text) for __temporary_stack_top
    sys_stackheap_outer.o(__vectab_stack_and_reset_area) refers to __main.o(!!!main) for __main
    exit.o(.text) refers to rtexit.o(.ARM.Collect$$rtexit$$00000000) for __rt_exit
    defsig_fpe_outer.o(.text) refers to defsig_fpe_inner.o(.text) for __rt_SIGFPE_inner
    defsig_fpe_outer.o(.text) refers to defsig_exit.o(.text) for __sig_exit
    defsig_fpe_formal.o(.text) refers to rt_raise.o(.text) for __rt_raise
    libinit.o(.ARM.Collect$$libinit$$00000000) refers (Special) to libinit2.o(.ARM.Collect$$libinit$$0000002E) for __rt_lib_init_alloca_1
    libinit.o(.ARM.Collect$$libinit$$00000000) refers (Special) to libinit2.o(.ARM.Collect$$libinit$$0000002C) for __rt_lib_init_argv_1
    libinit.o(.ARM.Collect$$libinit$$00000000) refers (Special) to libinit2.o(.ARM.Collect$$libinit$$0000001B) for __rt_lib_init_atexit_1
    libinit.o(.ARM.Collect$$libinit$$00000000) refers (Special) to libinit2.o(.ARM.Collect$$libinit$$00000021) for __rt_lib_init_clock_1
    libinit.o(.ARM.Collect$$libinit$$00000000) refers (Special) to libinit2.o(.ARM.Collect$$libinit$$00000032) for __rt_lib_init_cpp_1
    libinit.o(.ARM.Collect$$libinit$$00000000) refers (Special) to libinit2.o(.ARM.Collect$$libinit$$00000030) for __rt_lib_init_exceptions_1
    libinit.o(.ARM.Collect$$libinit$$00000000) refers (Special) to libinit2.o(.ARM.Collect$$libinit$$00000002) for __rt_lib_init_fp_1
    libinit.o(.ARM.Collect$$libinit$$00000000) refers (Special) to libinit2.o(.ARM.Collect$$libinit$$0000001F) for __rt_lib_init_fp_trap_1
    libinit.o(.ARM.Collect$$libinit$$00000000) refers (Special) to libinit2.o(.ARM.Collect$$libinit$$00000023) for __rt_lib_init_getenv_1
    libinit.o(.ARM.Collect$$libinit$$00000000) refers (Special) to libinit2.o(.ARM.Collect$$libinit$$0000000A) for __rt_lib_init_heap_1
    libinit.o(.ARM.Collect$$libinit$$00000000) refers (Special) to libinit2.o(.ARM.Collect$$libinit$$00000011) for __rt_lib_init_lc_collate_1
    libinit.o(.ARM.Collect$$libinit$$00000000) refers (Special) to libinit2.o(.ARM.Collect$$libinit$$00000013) for __rt_lib_init_lc_ctype_1
    libinit.o(.ARM.Collect$$libinit$$00000000) refers (Special) to libinit2.o(.ARM.Collect$$libinit$$00000015) for __rt_lib_init_lc_monetary_1
    libinit.o(.ARM.Collect$$libinit$$00000000) refers (Special) to libinit2.o(.ARM.Collect$$libinit$$00000017) for __rt_lib_init_lc_numeric_1
    libinit.o(.ARM.Collect$$libinit$$00000000) refers (Special) to libinit2.o(.ARM.Collect$$libinit$$00000019) for __rt_lib_init_lc_time_1
    libinit.o(.ARM.Collect$$libinit$$00000000) refers (Special) to libinit2.o(.ARM.Collect$$libinit$$00000004) for __rt_lib_init_preinit_1
    libinit.o(.ARM.Collect$$libinit$$00000000) refers (Special) to libinit2.o(.ARM.Collect$$libinit$$0000000E) for __rt_lib_init_rand_1
    libinit.o(.ARM.Collect$$libinit$$00000000) refers (Special) to libinit2.o(.ARM.Collect$$libinit$$00000033) for __rt_lib_init_return
    libinit.o(.ARM.Collect$$libinit$$00000000) refers (Special) to libinit2.o(.ARM.Collect$$libinit$$0000001D) for __rt_lib_init_signal_1
    libinit.o(.ARM.Collect$$libinit$$00000000) refers (Special) to libinit2.o(.ARM.Collect$$libinit$$00000025) for __rt_lib_init_stdio_1
    libinit.o(.ARM.Collect$$libinit$$00000000) refers (Special) to libinit2.o(.ARM.Collect$$libinit$$0000000C) for __rt_lib_init_user_alloc_1
    libspace.o(.text) refers to libspace.o(.bss) for __libspace_start
    rtexit.o(.ARM.Collect$$rtexit$$00000000) refers (Special) to rtexit2.o(.ARM.Collect$$rtexit$$00000004) for __rt_exit_exit
    rtexit.o(.ARM.Collect$$rtexit$$00000000) refers (Special) to rtexit2.o(.ARM.Collect$$rtexit$$00000003) for __rt_exit_ls
    rtexit.o(.ARM.Collect$$rtexit$$00000000) refers (Special) to rtexit2.o(.ARM.Collect$$rtexit$$00000002) for __rt_exit_prels_1
    rtexit.o(.ARM.exidx) refers (Special) to rtexit2.o(.ARM.Collect$$rtexit$$00000004) for __rt_exit_exit
    rtexit.o(.ARM.exidx) refers (Special) to rtexit2.o(.ARM.Collect$$rtexit$$00000003) for __rt_exit_ls
    rtexit.o(.ARM.exidx) refers (Special) to rtexit2.o(.ARM.Collect$$rtexit$$00000002) for __rt_exit_prels_1
    rtexit.o(.ARM.exidx) refers to rtexit.o(.ARM.Collect$$rtexit$$00000000) for .ARM.Collect$$rtexit$$00000000
    rt_raise.o(.text) refers to __raise.o(.text) for __raise
    rt_raise.o(.text) refers to sys_exit.o(.text) for _sys_exit
    defsig_exit.o(.text) refers to sys_exit.o(.text) for _sys_exit
    defsig_fpe_inner.o(.text) refers to defsig_general.o(.text) for __default_signal_display
    libinit2.o(.ARM.Collect$$libinit$$00000010) refers to libinit2.o(.ARM.Collect$$libinit$$0000000F) for .ARM.Collect$$libinit$$0000000F
    libinit2.o(.ARM.Collect$$libinit$$00000012) refers to libinit2.o(.ARM.Collect$$libinit$$0000000F) for .ARM.Collect$$libinit$$0000000F
    libinit2.o(.ARM.Collect$$libinit$$00000014) refers to libinit2.o(.ARM.Collect$$libinit$$0000000F) for .ARM.Collect$$libinit$$0000000F
    libinit2.o(.ARM.Collect$$libinit$$00000016) refers to libinit2.o(.ARM.Collect$$libinit$$0000000F) for .ARM.Collect$$libinit$$0000000F
    libinit2.o(.ARM.Collect$$libinit$$00000018) refers to libinit2.o(.ARM.Collect$$libinit$$0000000F) for .ARM.Collect$$libinit$$0000000F
    libinit2.o(.ARM.Collect$$libinit$$00000026) refers to argv_veneer.o(.text) for __ARM_argv_veneer
    libinit2.o(.ARM.Collect$$libinit$$00000027) refers to argv_veneer.o(.text) for __ARM_argv_veneer
    sys_exit.o(.text) refers (Special) to use_no_semi.o(.text) for __I$use$semihosting
    sys_exit.o(.text) refers (Special) to indicate_semi.o(.text) for __semihosting_library_function
    rtexit2.o(.ARM.Collect$$rtexit$$00000003) refers to libshutdown.o(.ARM.Collect$$libshutdown$$00000000) for __rt_lib_shutdown
    rtexit2.o(.ARM.Collect$$rtexit$$00000004) refers to sys_exit.o(.text) for _sys_exit
    rtexit2.o(.ARM.exidx) refers to rtexit2.o(.ARM.Collect$$rtexit$$00000001) for .ARM.Collect$$rtexit$$00000001
    rtexit2.o(.ARM.exidx) refers to rtexit2.o(.ARM.Collect$$rtexit$$00000003) for .ARM.Collect$$rtexit$$00000003
    rtexit2.o(.ARM.exidx) refers to rtexit2.o(.ARM.Collect$$rtexit$$00000004) for .ARM.Collect$$rtexit$$00000004
    __raise.o(.text) refers to defsig.o(CL$$defsig) for __default_signal_handler
    defsig_general.o(.text) refers to sys_wrch.o(.text) for _ttywrch
    sys_wrch.o(.text) refers (Special) to use_no_semi.o(.text) for __I$use$semihosting
    sys_wrch.o(.text) refers (Special) to indicate_semi.o(.text) for __semihosting_library_function
    defsig.o(CL$$defsig) refers to defsig_fpe_inner.o(.text) for __rt_SIGFPE_inner
    defsig.o(CL$$defsig) refers to defsig_rtmem_inner.o(.text) for __rt_SIGRTMEM_inner
    _get_argv_nomalloc.o(.text) refers (Special) to hrguard.o(.text) for __heap_region$guard
    _get_argv_nomalloc.o(.text) refers to defsig_rtmem_outer.o(.text) for __rt_SIGRTMEM
    _get_argv_nomalloc.o(.text) refers to sys_command.o(.text) for _sys_command_string
    libshutdown.o(.ARM.Collect$$libshutdown$$00000000) refers (Special) to libshutdown2.o(.ARM.Collect$$libshutdown$$00000004) for __rt_lib_shutdown_cpp_1
    libshutdown.o(.ARM.Collect$$libshutdown$$00000000) refers (Special) to libshutdown2.o(.ARM.Collect$$libshutdown$$00000002) for __rt_lib_shutdown_fini_1
    libshutdown.o(.ARM.Collect$$libshutdown$$00000000) refers (Special) to libshutdown2.o(.ARM.Collect$$libshutdown$$00000009) for __rt_lib_shutdown_fp_trap_1
    libshutdown.o(.ARM.Collect$$libshutdown$$00000000) refers (Special) to libshutdown2.o(.ARM.Collect$$libshutdown$$00000011) for __rt_lib_shutdown_heap_1
    libshutdown.o(.ARM.Collect$$libshutdown$$00000000) refers (Special) to libshutdown2.o(.ARM.Collect$$libshutdown$$00000012) for __rt_lib_shutdown_return
    libshutdown.o(.ARM.Collect$$libshutdown$$00000000) refers (Special) to libshutdown2.o(.ARM.Collect$$libshutdown$$0000000C) for __rt_lib_shutdown_signal_1
    libshutdown.o(.ARM.Collect$$libshutdown$$00000000) refers (Special) to libshutdown2.o(.ARM.Collect$$libshutdown$$00000006) for __rt_lib_shutdown_stdio_1
    libshutdown.o(.ARM.Collect$$libshutdown$$00000000) refers (Special) to libshutdown2.o(.ARM.Collect$$libshutdown$$0000000E) for __rt_lib_shutdown_user_alloc_1
    sys_command.o(.text) refers (Special) to use_no_semi.o(.text) for __I$use$semihosting
    sys_command.o(.text) refers (Special) to indicate_semi.o(.text) for __semihosting_library_function
    defsig_abrt_inner.o(.text) refers to defsig_general.o(.text) for __default_signal_display
    defsig_rtred_inner.o(.text) refers to defsig_general.o(.text) for __default_signal_display
    defsig_rtmem_inner.o(.text) refers to defsig_general.o(.text) for __default_signal_display
    defsig_rtmem_outer.o(.text) refers to defsig_rtmem_inner.o(.text) for __rt_SIGRTMEM_inner
    defsig_rtmem_outer.o(.text) refers to defsig_exit.o(.text) for __sig_exit
    defsig_rtmem_formal.o(.text) refers to rt_raise.o(.text) for __rt_raise
    defsig_stak_inner.o(.text) refers to defsig_general.o(.text) for __default_signal_display
    defsig_pvfn_inner.o(.text) refers to defsig_general.o(.text) for __default_signal_display
    defsig_cppl_inner.o(.text) refers to defsig_general.o(.text) for __default_signal_display
    defsig_segv_inner.o(.text) refers to defsig_general.o(.text) for __default_signal_display
    defsig_other.o(.text) refers to defsig_general.o(.text) for __default_signal_display


==============================================================================

Removing Unused input sections from the image.

    Removing main.o(.rev16_text), (4 bytes).
    Removing main.o(.revsh_text), (4 bytes).
    Removing main.o(i.Error_Handler), (4 bytes).
    Removing stm32f0xx_it.o(.rev16_text), (4 bytes).
    Removing stm32f0xx_it.o(.revsh_text), (4 bytes).
    Removing stm32f0xx_ll_gpio.o(.rev16_text), (4 bytes).
    Removing stm32f0xx_ll_gpio.o(.revsh_text), (4 bytes).
    Removing stm32f0xx_ll_gpio.o(i.LL_AHB1_GRP1_ForceReset), (16 bytes).
    Removing stm32f0xx_ll_gpio.o(i.LL_AHB1_GRP1_ReleaseReset), (16 bytes).
    Removing stm32f0xx_ll_gpio.o(i.LL_GPIO_DeInit), (144 bytes).
    Removing stm32f0xx_ll_gpio.o(i.LL_GPIO_StructInit), (24 bytes).
    Removing stm32f0xx_ll_pwr.o(.rev16_text), (4 bytes).
    Removing stm32f0xx_ll_pwr.o(.revsh_text), (4 bytes).
    Removing stm32f0xx_ll_pwr.o(i.LL_PWR_DeInit), (28 bytes).
    Removing stm32f0xx_ll_exti.o(.rev16_text), (4 bytes).
    Removing stm32f0xx_ll_exti.o(.revsh_text), (4 bytes).
    Removing stm32f0xx_ll_exti.o(i.LL_EXTI_DeInit), (36 bytes).
    Removing stm32f0xx_ll_exti.o(i.LL_EXTI_StructInit), (14 bytes).
    Removing stm32f0xx_ll_usart.o(.rev16_text), (4 bytes).
    Removing stm32f0xx_ll_usart.o(.revsh_text), (4 bytes).
    Removing stm32f0xx_ll_usart.o(i.LL_USART_ClockInit), (64 bytes).
    Removing stm32f0xx_ll_usart.o(i.LL_USART_ClockStructInit), (12 bytes).
    Removing stm32f0xx_ll_usart.o(i.LL_USART_DeInit), (72 bytes).
    Removing stm32f0xx_ll_usart.o(i.LL_USART_StructInit), (24 bytes).
    Removing stm32f0xx_ll_rcc.o(.rev16_text), (4 bytes).
    Removing stm32f0xx_ll_rcc.o(.revsh_text), (4 bytes).
    Removing stm32f0xx_ll_rcc.o(i.LL_RCC_DeInit), (160 bytes).
    Removing stm32f0xx_ll_rcc.o(i.LL_RCC_GetI2CClockFreq), (48 bytes).
    Removing stm32f0xx_ll_dma.o(.rev16_text), (4 bytes).
    Removing stm32f0xx_ll_dma.o(.revsh_text), (4 bytes).
    Removing stm32f0xx_ll_dma.o(i.LL_DMA_DeInit), (148 bytes).
    Removing stm32f0xx_ll_dma.o(i.LL_DMA_Init), (92 bytes).
    Removing stm32f0xx_ll_dma.o(i.LL_DMA_StructInit), (24 bytes).
    Removing stm32f0xx_ll_dma.o(.constdata), (5 bytes).
    Removing stm32f0xx_ll_utils.o(.rev16_text), (4 bytes).
    Removing stm32f0xx_ll_utils.o(.revsh_text), (4 bytes).
    Removing stm32f0xx_ll_utils.o(i.LL_PLL_ConfigSystemClock_HSE), (108 bytes).
    Removing stm32f0xx_ll_utils.o(i.LL_PLL_ConfigSystemClock_HSI), (88 bytes).
    Removing stm32f0xx_ll_utils.o(i.LL_RCC_PLL_ConfigDomain_SYS), (44 bytes).
    Removing stm32f0xx_ll_utils.o(i.LL_SetFlashLatency), (72 bytes).
    Removing stm32f0xx_ll_utils.o(i.LL_mDelay), (36 bytes).
    Removing stm32f0xx_ll_utils.o(i.UTILS_EnablePLLAndSwitchSystem), (160 bytes).
    Removing stm32f0xx_ll_utils.o(i.UTILS_GetPLLOutputFrequency), (24 bytes).
    Removing stm32f0xx_ll_utils.o(i.UTILS_PLL_IsBusy), (24 bytes).
    Removing system_stm32f0xx.o(.rev16_text), (4 bytes).
    Removing system_stm32f0xx.o(.revsh_text), (4 bytes).
    Removing system_stm32f0xx.o(i.SystemCoreClockUpdate), (124 bytes).

47 unused section(s) (total 1691 bytes) removed from the image.

==============================================================================

Image Symbol Table

    Local Symbols

    Symbol Name                              Value     Ov Type        Size  Object(Section)

    ../Core/Src/main.c                       0x00000000   Number         0  main.o ABSOLUTE
    ../Core/Src/stm32f0xx_it.c               0x00000000   Number         0  stm32f0xx_it.o ABSOLUTE
    ../Core/Src/system_stm32f0xx.c           0x00000000   Number         0  system_stm32f0xx.o ABSOLUTE
    ../Drivers/STM32F0xx_HAL_Driver/Src/stm32f0xx_ll_dma.c 0x00000000   Number         0  stm32f0xx_ll_dma.o ABSOLUTE
    ../Drivers/STM32F0xx_HAL_Driver/Src/stm32f0xx_ll_exti.c 0x00000000   Number         0  stm32f0xx_ll_exti.o ABSOLUTE
    ../Drivers/STM32F0xx_HAL_Driver/Src/stm32f0xx_ll_gpio.c 0x00000000   Number         0  stm32f0xx_ll_gpio.o ABSOLUTE
    ../Drivers/STM32F0xx_HAL_Driver/Src/stm32f0xx_ll_pwr.c 0x00000000   Number         0  stm32f0xx_ll_pwr.o ABSOLUTE
    ../Drivers/STM32F0xx_HAL_Driver/Src/stm32f0xx_ll_rcc.c 0x00000000   Number         0  stm32f0xx_ll_rcc.o ABSOLUTE
    ../Drivers/STM32F0xx_HAL_Driver/Src/stm32f0xx_ll_usart.c 0x00000000   Number         0  stm32f0xx_ll_usart.o ABSOLUTE
    ../Drivers/STM32F0xx_HAL_Driver/Src/stm32f0xx_ll_utils.c 0x00000000   Number         0  stm32f0xx_ll_utils.o ABSOLUTE
    ../clib/../cmprslib/zerorunl2.c          0x00000000   Number         0  __dczerorl2.o ABSOLUTE
    ../clib/angel/boardlib.s                 0x00000000   Number         0  boardinit3.o ABSOLUTE
    ../clib/angel/boardlib.s                 0x00000000   Number         0  boardinit2.o ABSOLUTE
    ../clib/angel/boardlib.s                 0x00000000   Number         0  boardinit1.o ABSOLUTE
    ../clib/angel/boardlib.s                 0x00000000   Number         0  boardshut.o ABSOLUTE
    ../clib/angel/handlers.s                 0x00000000   Number         0  __scatter_zi.o ABSOLUTE
    ../clib/angel/kernel.s                   0x00000000   Number         0  __rtentry.o ABSOLUTE
    ../clib/angel/kernel.s                   0x00000000   Number         0  rtexit2.o ABSOLUTE
    ../clib/angel/kernel.s                   0x00000000   Number         0  rtexit.o ABSOLUTE
    ../clib/angel/kernel.s                   0x00000000   Number         0  __rtentry4.o ABSOLUTE
    ../clib/angel/kernel.s                   0x00000000   Number         0  __rtentry2.o ABSOLUTE
    ../clib/angel/rt.s                       0x00000000   Number         0  aeabi_idiv0.o ABSOLUTE
    ../clib/angel/rt.s                       0x00000000   Number         0  rt_div0.o ABSOLUTE
    ../clib/angel/rt.s                       0x00000000   Number         0  rt_raise.o ABSOLUTE
    ../clib/angel/rt.s                       0x00000000   Number         0  aeabi_idiv0_sigfpe.o ABSOLUTE
    ../clib/angel/scatterp.s                 0x00000000   Number         0  __scatter.o ABSOLUTE
    ../clib/angel/startup.s                  0x00000000   Number         0  __main.o ABSOLUTE
    ../clib/angel/sys.s                      0x00000000   Number         0  sys_stackheap_outer.o ABSOLUTE
    ../clib/angel/sys.s                      0x00000000   Number         0  libspace.o ABSOLUTE
    ../clib/angel/sys.s                      0x00000000   Number         0  tempstk.o ABSOLUTE
    ../clib/angel/sys.s                      0x00000000   Number         0  indicate_semi.o ABSOLUTE
    ../clib/angel/sys.s                      0x00000000   Number         0  use_no_semi.o ABSOLUTE
    ../clib/angel/sysapp.c                   0x00000000   Number         0  sys_exit.o ABSOLUTE
    ../clib/angel/sysapp.c                   0x00000000   Number         0  sys_wrch.o ABSOLUTE
    ../clib/angel/sysapp.c                   0x00000000   Number         0  sys_command.o ABSOLUTE
    ../clib/armsys.c                         0x00000000   Number         0  _get_argv_nomalloc.o ABSOLUTE
    ../clib/armsys.c                         0x00000000   Number         0  no_argv.o ABSOLUTE
    ../clib/armsys.c                         0x00000000   Number         0  argv_veneer.o ABSOLUTE
    ../clib/division.s                       0x00000000   Number         0  aeabi_sdiv_div0.o ABSOLUTE
    ../clib/division.s                       0x00000000   Number         0  aeabi_sdiv.o ABSOLUTE
    ../clib/heapalloc.c                      0x00000000   Number         0  hrguard.o ABSOLUTE
    ../clib/heapaux.c                        0x00000000   Number         0  heapauxi.o ABSOLUTE
    ../clib/libinit.s                        0x00000000   Number         0  libshutdown2.o ABSOLUTE
    ../clib/libinit.s                        0x00000000   Number         0  libshutdown.o ABSOLUTE
    ../clib/libinit.s                        0x00000000   Number         0  libinit.o ABSOLUTE
    ../clib/libinit.s                        0x00000000   Number         0  libinit2.o ABSOLUTE
    ../clib/memcpset.c                       0x00000000   Number         0  rt_memclr.o ABSOLUTE
    ../clib/signal.c                         0x00000000   Number         0  defsig_pvfn_inner.o ABSOLUTE
    ../clib/signal.c                         0x00000000   Number         0  defsig_stak_inner.o ABSOLUTE
    ../clib/signal.c                         0x00000000   Number         0  defsig_rtmem_formal.o ABSOLUTE
    ../clib/signal.c                         0x00000000   Number         0  defsig_fpe_outer.o ABSOLUTE
    ../clib/signal.c                         0x00000000   Number         0  defsig_other.o ABSOLUTE
    ../clib/signal.c                         0x00000000   Number         0  defsig_segv_inner.o ABSOLUTE
    ../clib/signal.c                         0x00000000   Number         0  defsig_fpe_formal.o ABSOLUTE
    ../clib/signal.c                         0x00000000   Number         0  defsig_general.o ABSOLUTE
    ../clib/signal.c                         0x00000000   Number         0  __raise.o ABSOLUTE
    ../clib/signal.c                         0x00000000   Number         0  defsig_rtmem_outer.o ABSOLUTE
    ../clib/signal.c                         0x00000000   Number         0  defsig_abrt_inner.o ABSOLUTE
    ../clib/signal.c                         0x00000000   Number         0  defsig_rtmem_inner.o ABSOLUTE
    ../clib/signal.c                         0x00000000   Number         0  defsig_rtred_inner.o ABSOLUTE
    ../clib/signal.c                         0x00000000   Number         0  defsig_exit.o ABSOLUTE
    ../clib/signal.c                         0x00000000   Number         0  defsig_fpe_inner.o ABSOLUTE
    ../clib/signal.c                         0x00000000   Number         0  defsig_cppl_inner.o ABSOLUTE
    ../clib/signal.s                         0x00000000   Number         0  defsig.o ABSOLUTE
    ../clib/stdlib.c                         0x00000000   Number         0  exit.o ABSOLUTE
    ../fplib/cfplib/fpinit.c                 0x00000000   Number         0  fpinit.o ABSOLUTE
    ..\..\..\..\tcobs\tcobsDecode.c          0x00000000   Number         0  tcobsdecode.o ABSOLUTE
    ..\..\..\..\tcobs\tcobsEncode.c          0x00000000   Number         0  tcobsencode.o ABSOLUTE
    ..\..\..\tcobsTest.c                     0x00000000   Number         0  tcobstest.o ABSOLUTE
    ..\Core\Src\main.c                       0x00000000   Number         0  main.o ABSOLUTE
    ..\Core\Src\stm32f0xx_it.c               0x00000000   Number         0  stm32f0xx_it.o ABSOLUTE
    ..\Core\Src\system_stm32f0xx.c           0x00000000   Number         0  system_stm32f0xx.o ABSOLUTE
    ..\Drivers\STM32F0xx_HAL_Driver\Src\stm32f0xx_ll_dma.c 0x00000000   Number         0  stm32f0xx_ll_dma.o ABSOLUTE
    ..\Drivers\STM32F0xx_HAL_Driver\Src\stm32f0xx_ll_exti.c 0x00000000   Number         0  stm32f0xx_ll_exti.o ABSOLUTE
    ..\Drivers\STM32F0xx_HAL_Driver\Src\stm32f0xx_ll_gpio.c 0x00000000   Number         0  stm32f0xx_ll_gpio.o ABSOLUTE
    ..\Drivers\STM32F0xx_HAL_Driver\Src\stm32f0xx_ll_pwr.c 0x00000000   Number         0  stm32f0xx_ll_pwr.o ABSOLUTE
    ..\Drivers\STM32F0xx_HAL_Driver\Src\stm32f0xx_ll_rcc.c 0x00000000   Number         0  stm32f0xx_ll_rcc.o ABSOLUTE
    ..\Drivers\STM32F0xx_HAL_Driver\Src\stm32f0xx_ll_usart.c 0x00000000   Number         0  stm32f0xx_ll_usart.o ABSOLUTE
    ..\Drivers\STM32F0xx_HAL_Driver\Src\stm32f0xx_ll_utils.c 0x00000000   Number         0  stm32f0xx_ll_utils.o ABSOLUTE
    dc.s                                     0x00000000   Number         0  dc.o ABSOLUTE
    startup_stm32f030x8.s                    0x00000000   Number         0  startup_stm32f030x8.o ABSOLUTE
    RESET                                    0x08000000   Section      180  startup_stm32f030x8.o(RESET)
    !!!main                                  0x080000b4   Section        8  __main.o(!!!main)
    !!!scatter                               0x080000bc   Section       60  __scatter.o(!!!scatter)
    !!handler_zi                             0x080000f8   Section       28  __scatter_zi.o(!!handler_zi)
    .ARM.Collect$$libinit$$00000000          0x08000114   Section        2  libinit.o(.ARM.Collect$$libinit$$00000000)
    .ARM.Collect$$libinit$$00000002          0x08000116   Section        0  libinit2.o(.ARM.Collect$$libinit$$00000002)
    .ARM.Collect$$libinit$$00000004          0x08000116   Section        0  libinit2.o(.ARM.Collect$$libinit$$00000004)
    .ARM.Collect$$libinit$$0000000A          0x08000116   Section        0  libinit2.o(.ARM.Collect$$libinit$$0000000A)
    .ARM.Collect$$libinit$$0000000C          0x08000116   Section        0  libinit2.o(.ARM.Collect$$libinit$$0000000C)
    .ARM.Collect$$libinit$$0000000E          0x08000116   Section        0  libinit2.o(.ARM.Collect$$libinit$$0000000E)
    .ARM.Collect$$libinit$$00000011          0x08000116   Section        0  libinit2.o(.ARM.Collect$$libinit$$00000011)
    .ARM.Collect$$libinit$$00000013          0x08000116   Section        0  libinit2.o(.ARM.Collect$$libinit$$00000013)
    .ARM.Collect$$libinit$$00000015          0x08000116   Section        0  libinit2.o(.ARM.Collect$$libinit$$00000015)
    .ARM.Collect$$libinit$$00000017          0x08000116   Section        0  libinit2.o(.ARM.Collect$$libinit$$00000017)
    .ARM.Collect$$libinit$$00000019          0x08000116   Section        0  libinit2.o(.ARM.Collect$$libinit$$00000019)
    .ARM.Collect$$libinit$$0000001B          0x08000116   Section        0  libinit2.o(.ARM.Collect$$libinit$$0000001B)
    .ARM.Collect$$libinit$$0000001D          0x08000116   Section        0  libinit2.o(.ARM.Collect$$libinit$$0000001D)
    .ARM.Collect$$libinit$$0000001F          0x08000116   Section        0  libinit2.o(.ARM.Collect$$libinit$$0000001F)
    .ARM.Collect$$libinit$$00000021          0x08000116   Section        0  libinit2.o(.ARM.Collect$$libinit$$00000021)
    .ARM.Collect$$libinit$$00000023          0x08000116   Section        0  libinit2.o(.ARM.Collect$$libinit$$00000023)
    .ARM.Collect$$libinit$$00000025          0x08000116   Section        0  libinit2.o(.ARM.Collect$$libinit$$00000025)
    .ARM.Collect$$libinit$$0000002C          0x08000116   Section        0  libinit2.o(.ARM.Collect$$libinit$$0000002C)
    .ARM.Collect$$libinit$$0000002E          0x08000116   Section        0  libinit2.o(.ARM.Collect$$libinit$$0000002E)
    .ARM.Collect$$libinit$$00000030          0x08000116   Section        0  libinit2.o(.ARM.Collect$$libinit$$00000030)
    .ARM.Collect$$libinit$$00000032          0x08000116   Section        0  libinit2.o(.ARM.Collect$$libinit$$00000032)
    .ARM.Collect$$libinit$$00000033          0x08000116   Section        2  libinit2.o(.ARM.Collect$$libinit$$00000033)
    .ARM.Collect$$libshutdown$$00000000      0x08000118   Section        2  libshutdown.o(.ARM.Collect$$libshutdown$$00000000)
    .ARM.Collect$$libshutdown$$00000002      0x0800011a   Section        0  libshutdown2.o(.ARM.Collect$$libshutdown$$00000002)
    .ARM.Collect$$libshutdown$$00000004      0x0800011a   Section        0  libshutdown2.o(.ARM.Collect$$libshutdown$$00000004)
    .ARM.Collect$$libshutdown$$00000006      0x0800011a   Section        0  libshutdown2.o(.ARM.Collect$$libshutdown$$00000006)
    .ARM.Collect$$libshutdown$$00000009      0x0800011a   Section        0  libshutdown2.o(.ARM.Collect$$libshutdown$$00000009)
    .ARM.Collect$$libshutdown$$0000000C      0x0800011a   Section        0  libshutdown2.o(.ARM.Collect$$libshutdown$$0000000C)
    .ARM.Collect$$libshutdown$$0000000E      0x0800011a   Section        0  libshutdown2.o(.ARM.Collect$$libshutdown$$0000000E)
    .ARM.Collect$$libshutdown$$00000011      0x0800011a   Section        0  libshutdown2.o(.ARM.Collect$$libshutdown$$00000011)
    .ARM.Collect$$libshutdown$$00000012      0x0800011a   Section        2  libshutdown2.o(.ARM.Collect$$libshutdown$$00000012)
    .ARM.Collect$$rtentry$$00000000          0x0800011c   Section        0  __rtentry.o(.ARM.Collect$$rtentry$$00000000)
    .ARM.Collect$$rtentry$$00000002          0x0800011c   Section        0  __rtentry2.o(.ARM.Collect$$rtentry$$00000002)
    .ARM.Collect$$rtentry$$00000004          0x0800011c   Section        6  __rtentry4.o(.ARM.Collect$$rtentry$$00000004)
    .ARM.Collect$$rtentry$$00000009          0x08000122   Section        0  __rtentry2.o(.ARM.Collect$$rtentry$$00000009)
    .ARM.Collect$$rtentry$$0000000A          0x08000122   Section        4  __rtentry2.o(.ARM.Collect$$rtentry$$0000000A)
    .ARM.Collect$$rtentry$$0000000C          0x08000126   Section        0  __rtentry2.o(.ARM.Collect$$rtentry$$0000000C)
    .ARM.Collect$$rtentry$$0000000D          0x08000126   Section        8  __rtentry2.o(.ARM.Collect$$rtentry$$0000000D)
    .ARM.Collect$$rtexit$$00000000           0x0800012e   Section        2  rtexit.o(.ARM.Collect$$rtexit$$00000000)
    .ARM.Collect$$rtexit$$00000002           0x08000130   Section        0  rtexit2.o(.ARM.Collect$$rtexit$$00000002)
    .ARM.Collect$$rtexit$$00000003           0x08000130   Section        4  rtexit2.o(.ARM.Collect$$rtexit$$00000003)
    .ARM.Collect$$rtexit$$00000004           0x08000134   Section        6  rtexit2.o(.ARM.Collect$$rtexit$$00000004)
    .text                                    0x0800013c   Section       56  startup_stm32f030x8.o(.text)
    .text                                    0x08000174   Section        0  rt_memclr.o(.text)
    .text                                    0x080001b4   Section      346  aeabi_sdiv.o(.text)
    .text                                    0x0800030e   Section        0  heapauxi.o(.text)
    .text                                    0x08000314   Section       62  sys_stackheap_outer.o(.text)
    .text                                    0x08000352   Section        0  exit.o(.text)
    .text                                    0x08000364   Section        8  libspace.o(.text)
    .text                                    0x0800036c   Section        0  sys_exit.o(.text)
    .text                                    0x08000378   Section        2  use_no_semi.o(.text)
    .text                                    0x0800037a   Section        0  __dczerorl2.o(.text)
    .text                                    0x0800037a   Section        0  indicate_semi.o(.text)
    i.CCQNFtoN                               0x080003d0   Section        0  tcobsdecode.o(i.CCQNFtoN)
    CCQNFtoN                                 0x080003d1   Thumb Code   236  tcobsdecode.o(i.CCQNFtoN)
    i.CCQNZtoN                               0x080004c0   Section        0  tcobsdecode.o(i.CCQNZtoN)
    CCQNZtoN                                 0x080004c1   Thumb Code   236  tcobsdecode.o(i.CCQNZtoN)
    i.CCTNRtoN                               0x080005b0   Section        0  tcobsdecode.o(i.CCTNRtoN)
    CCTNRtoN                                 0x080005b1   Thumb Code   160  tcobsdecode.o(i.CCTNRtoN)
    i.HardFault_Handler                      0x08000654   Section        0  stm32f0xx_it.o(i.HardFault_Handler)
    i.LL_AHB1_GRP1_EnableClock               0x08000658   Section        0  main.o(i.LL_AHB1_GRP1_EnableClock)
    LL_AHB1_GRP1_EnableClock                 0x08000659   Thumb Code    18  main.o(i.LL_AHB1_GRP1_EnableClock)
    i.LL_APB1_GRP1_EnableClock               0x08000670   Section        0  main.o(i.LL_APB1_GRP1_EnableClock)
    LL_APB1_GRP1_EnableClock                 0x08000671   Thumb Code    18  main.o(i.LL_APB1_GRP1_EnableClock)
    i.LL_EXTI_Init                           0x08000688   Section        0  stm32f0xx_ll_exti.o(i.LL_EXTI_Init)
    i.LL_GPIO_Init                           0x0800073c   Section        0  stm32f0xx_ll_gpio.o(i.LL_GPIO_Init)
    i.LL_Init1msTick                         0x080007ec   Section        0  stm32f0xx_ll_utils.o(i.LL_Init1msTick)
    i.LL_RCC_GetSystemClocksFreq             0x0800080c   Section        0  stm32f0xx_ll_rcc.o(i.LL_RCC_GetSystemClocksFreq)
    i.LL_RCC_GetUSARTClockFreq               0x08000824   Section        0  stm32f0xx_ll_rcc.o(i.LL_RCC_GetUSARTClockFreq)
    i.LL_SetSystemCoreClock                  0x0800087c   Section        0  stm32f0xx_ll_utils.o(i.LL_SetSystemCoreClock)
    i.LL_USART_Init                          0x08000888   Section        0  stm32f0xx_ll_usart.o(i.LL_USART_Init)
    i.MX_GPIO_Init                           0x08000938   Section        0  main.o(i.MX_GPIO_Init)
    MX_GPIO_Init                             0x08000939   Thumb Code   126  main.o(i.MX_GPIO_Init)
    i.MX_USART2_UART_Init                    0x080009c0   Section        0  main.o(i.MX_USART2_UART_Init)
    MX_USART2_UART_Init                      0x080009c1   Thumb Code   168  main.o(i.MX_USART2_UART_Init)
    i.NMI_Handler                            0x08000a74   Section        0  stm32f0xx_it.o(i.NMI_Handler)
    i.PendSV_Handler                         0x08000a76   Section        0  stm32f0xx_it.o(i.PendSV_Handler)
    i.RCC_GetHCLKClockFreq                   0x08000a78   Section        0  stm32f0xx_ll_rcc.o(i.RCC_GetHCLKClockFreq)
    i.RCC_GetPCLK1ClockFreq                  0x08000a94   Section        0  stm32f0xx_ll_rcc.o(i.RCC_GetPCLK1ClockFreq)
    i.RCC_GetSystemClockFreq                 0x08000ab0   Section        0  stm32f0xx_ll_rcc.o(i.RCC_GetSystemClockFreq)
    i.RCC_PLL_GetFreqDomain_SYS              0x08000ad8   Section        0  stm32f0xx_ll_rcc.o(i.RCC_PLL_GetFreqDomain_SYS)
    i.SVC_Handler                            0x08000b14   Section        0  stm32f0xx_it.o(i.SVC_Handler)
    i.SysTick_Handler                        0x08000b16   Section        0  stm32f0xx_it.o(i.SysTick_Handler)
    i.SystemClock_Config                     0x08000b18   Section        0  main.o(i.SystemClock_Config)
    i.SystemInit                             0x08000bc0   Section        0  system_stm32f0xx.o(i.SystemInit)
    i.TCOBSDecode                            0x08000bc4   Section        0  tcobsdecode.o(i.TCOBSDecode)
    i.TCOBSDecodeTest                        0x08001680   Section        0  tcobstest.o(i.TCOBSDecodeTest)
    i.TCOBSEncode                            0x080016ec   Section        0  tcobsencode.o(i.TCOBSEncode)
    i.TCOBSEncodeTest                        0x080019d8   Section        0  tcobstest.o(i.TCOBSEncodeTest)
    i.USART2_IRQHandler                      0x08001a30   Section        0  stm32f0xx_it.o(i.USART2_IRQHandler)
    i.main                                   0x08001a34   Section        0  main.o(i.main)
    i.ntoCCQNF                               0x08001a68   Section        0  tcobsencode.o(i.ntoCCQNF)
    ntoCCQNF                                 0x08001a69   Thumb Code    66  tcobsencode.o(i.ntoCCQNF)
    i.ntoCCQNZ                               0x08001ab4   Section        0  tcobsencode.o(i.ntoCCQNZ)
    ntoCCQNZ                                 0x08001ab5   Thumb Code    66  tcobsencode.o(i.ntoCCQNZ)
    i.ntoCCTNR                               0x08001b00   Section        0  tcobsencode.o(i.ntoCCTNR)
    ntoCCTNR                                 0x08001b01   Thumb Code    66  tcobsencode.o(i.ntoCCTNR)
    i.writeFn                                0x08001b4c   Section        0  tcobsdecode.o(i.writeFn)
    writeFn                                  0x08001b4d   Thumb Code    52  tcobsdecode.o(i.writeFn)
    i.writeFullCount                         0x08001b80   Section        0  tcobsencode.o(i.writeFullCount)
    writeFullCount                           0x08001b81   Thumb Code   264  tcobsencode.o(i.writeFullCount)
    i.writeLastSigil                         0x08001c8c   Section        0  tcobsencode.o(i.writeLastSigil)
    writeLastSigil                           0x08001c8d   Thumb Code    20  tcobsencode.o(i.writeLastSigil)
    i.writeNoopSigil                         0x08001ca0   Section        0  tcobsencode.o(i.writeNoopSigil)
    writeNoopSigil                           0x08001ca1   Thumb Code    32  tcobsencode.o(i.writeNoopSigil)
    i.writeRepeatCount                       0x08001cc0   Section        0  tcobsencode.o(i.writeRepeatCount)
    writeRepeatCount                         0x08001cc1   Thumb Code   242  tcobsencode.o(i.writeRepeatCount)
    i.writeRn                                0x08001db8   Section        0  tcobsdecode.o(i.writeRn)
    writeRn                                  0x08001db9   Thumb Code    52  tcobsdecode.o(i.writeRn)
    i.writeZeroCount                         0x08001dec   Section        0  tcobsencode.o(i.writeZeroCount)
    writeZeroCount                           0x08001ded   Thumb Code   230  tcobsencode.o(i.writeZeroCount)
    i.writeZn                                0x08001ed8   Section        0  tcobsdecode.o(i.writeZn)
    writeZn                                  0x08001ed9   Thumb Code    52  tcobsdecode.o(i.writeZn)
    .constdata                               0x08001f0c   Section       16  system_stm32f0xx.o(.constdata)
    .constdata                               0x08001f1c   Section        8  system_stm32f0xx.o(.constdata)
    .data                                    0x20000000   Section        4  system_stm32f0xx.o(.data)
    .data                                    0x20000004   Section      108  tcobsencode.o(.data)
    ciphers                                  0x20000004   Data           4  tcobsencode.o(.data)
    ciphers                                  0x20000008   Data           4  tcobsencode.o(.data)
    ciphers                                  0x2000000c   Data           4  tcobsencode.o(.data)
    ciphers                                  0x20000010   Data          32  tcobsencode.o(.data)
    ciphers                                  0x20000030   Data          32  tcobsencode.o(.data)
    ciphers                                  0x20000050   Data          32  tcobsencode.o(.data)
    .data                                    0x20000070   Section      595  tcobstest.o(.data)
    dataSet                                  0x20000074   Data         591  tcobstest.o(.data)
    .bss                                     0x200002c4   Section     4000  tcobstest.o(.bss)
    obuf                                     0x200002c4   Data        4000  tcobstest.o(.bss)
    .bss                                     0x20001264   Section       96  libspace.o(.bss)
    HEAP                                     0x200012c8   Section      512  startup_stm32f030x8.o(HEAP)
    Heap_Mem                                 0x200012c8   Data         512  startup_stm32f030x8.o(HEAP)
    STACK                                    0x200014c8   Section     1024  startup_stm32f030x8.o(STACK)
    Stack_Mem                                0x200014c8   Data        1024  startup_stm32f030x8.o(STACK)
    __initial_sp                             0x200018c8   Data           0  startup_stm32f030x8.o(STACK)

    Global Symbols

    Symbol Name                              Value     Ov Type        Size  Object(Section)

    BuildAttributes$$THM_ISAv3M$S$PE$A:L22$X:L11$S22$IEEE1$IW$USESV6$~STKCKD$USESV7$~SHL$OSPACE$ROPI$EBA8$UX$STANDARDLIB$REQ8$PRES8$EABIv2 0x00000000   Number         0  anon$$obj.o ABSOLUTE
    __ARM_use_no_argv                        0x00000000   Number         0  main.o ABSOLUTE
    __ARM_exceptions_init                     - Undefined Weak Reference
    __alloca_initialize                       - Undefined Weak Reference
    __arm_fini_                               - Undefined Weak Reference
    __arm_preinit_                            - Undefined Weak Reference
    __cpp_initialize__aeabi_                  - Undefined Weak Reference
    __cxa_finalize                            - Undefined Weak Reference
    __rt_locale                               - Undefined Weak Reference
    __sigvec_lookup                           - Undefined Weak Reference
    _atexit_init                              - Undefined Weak Reference
    _call_atexit_fns                          - Undefined Weak Reference
    _clock_init                               - Undefined Weak Reference
    _fp_trap_init                             - Undefined Weak Reference
    _fp_trap_shutdown                         - Undefined Weak Reference
    _get_lc_collate                           - Undefined Weak Reference
    _get_lc_ctype                             - Undefined Weak Reference
    _get_lc_monetary                          - Undefined Weak Reference
    _get_lc_numeric                           - Undefined Weak Reference
    _get_lc_time                              - Undefined Weak Reference
    _getenv_init                              - Undefined Weak Reference
    _handle_redirection                       - Undefined Weak Reference
    _init_alloc                               - Undefined Weak Reference
    _init_user_alloc                          - Undefined Weak Reference
    _initio                                   - Undefined Weak Reference
    _rand_init                                - Undefined Weak Reference
    _signal_finish                            - Undefined Weak Reference
    _signal_init                              - Undefined Weak Reference
    _terminate_alloc                          - Undefined Weak Reference
    _terminate_user_alloc                     - Undefined Weak Reference
    _terminateio                              - Undefined Weak Reference
    __Vectors_Size                           0x000000b4   Number         0  startup_stm32f030x8.o ABSOLUTE
    __Vectors                                0x08000000   Data           4  startup_stm32f030x8.o(RESET)
    __Vectors_End                            0x080000b4   Data           0  startup_stm32f030x8.o(RESET)
    __main                                   0x080000b5   Thumb Code     8  __main.o(!!!main)
    __scatterload                            0x080000bd   Thumb Code     0  __scatter.o(!!!scatter)
    __scatterload_rt2                        0x080000bd   Thumb Code    52  __scatter.o(!!!scatter)
    __scatterload_rt2_thumb_only             0x080000bd   Thumb Code     0  __scatter.o(!!!scatter)
    __scatterload_null                       0x080000cd   Thumb Code     0  __scatter.o(!!!scatter)
    __scatterload_zeroinit                   0x080000f9   Thumb Code    28  __scatter_zi.o(!!handler_zi)
    __rt_lib_init                            0x08000115   Thumb Code     0  libinit.o(.ARM.Collect$$libinit$$00000000)
    __rt_lib_init_alloca_1                   0x08000117   Thumb Code     0  libinit2.o(.ARM.Collect$$libinit$$0000002E)
    __rt_lib_init_argv_1                     0x08000117   Thumb Code     0  libinit2.o(.ARM.Collect$$libinit$$0000002C)
    __rt_lib_init_atexit_1                   0x08000117   Thumb Code     0  libinit2.o(.ARM.Collect$$libinit$$0000001B)
    __rt_lib_init_clock_1                    0x08000117   Thumb Code     0  libinit2.o(.ARM.Collect$$libinit$$00000021)
    __rt_lib_init_cpp_1                      0x08000117   Thumb Code     0  libinit2.o(.ARM.Collect$$libinit$$00000032)
    __rt_lib_init_exceptions_1               0x08000117   Thumb Code     0  libinit2.o(.ARM.Collect$$libinit$$00000030)
    __rt_lib_init_fp_1                       0x08000117   Thumb Code     0  libinit2.o(.ARM.Collect$$libinit$$00000002)
    __rt_lib_init_fp_trap_1                  0x08000117   Thumb Code     0  libinit2.o(.ARM.Collect$$libinit$$0000001F)
    __rt_lib_init_getenv_1                   0x08000117   Thumb Code     0  libinit2.o(.ARM.Collect$$libinit$$00000023)
    __rt_lib_init_heap_1                     0x08000117   Thumb Code     0  libinit2.o(.ARM.Collect$$libinit$$0000000A)
    __rt_lib_init_lc_collate_1               0x08000117   Thumb Code     0  libinit2.o(.ARM.Collect$$libinit$$00000011)
    __rt_lib_init_lc_ctype_1                 0x08000117   Thumb Code     0  libinit2.o(.ARM.Collect$$libinit$$00000013)
    __rt_lib_init_lc_monetary_1              0x08000117   Thumb Code     0  libinit2.o(.ARM.Collect$$libinit$$00000015)
    __rt_lib_init_lc_numeric_1               0x08000117   Thumb Code     0  libinit2.o(.ARM.Collect$$libinit$$00000017)
    __rt_lib_init_lc_time_1                  0x08000117   Thumb Code     0  libinit2.o(.ARM.Collect$$libinit$$00000019)
    __rt_lib_init_preinit_1                  0x08000117   Thumb Code     0  libinit2.o(.ARM.Collect$$libinit$$00000004)
    __rt_lib_init_rand_1                     0x08000117   Thumb Code     0  libinit2.o(.ARM.Collect$$libinit$$0000000E)
    __rt_lib_init_return                     0x08000117   Thumb Code     0  libinit2.o(.ARM.Collect$$libinit$$00000033)
    __rt_lib_init_signal_1                   0x08000117   Thumb Code     0  libinit2.o(.ARM.Collect$$libinit$$0000001D)
    __rt_lib_init_stdio_1                    0x08000117   Thumb Code     0  libinit2.o(.ARM.Collect$$libinit$$00000025)
    __rt_lib_init_user_alloc_1               0x08000117   Thumb Code     0  libinit2.o(.ARM.Collect$$libinit$$0000000C)
    __rt_lib_shutdown                        0x08000119   Thumb Code     0  libshutdown.o(.ARM.Collect$$libshutdown$$00000000)
    __rt_lib_shutdown_cpp_1                  0x0800011b   Thumb Code     0  libshutdown2.o(.ARM.Collect$$libshutdown$$00000004)
    __rt_lib_shutdown_fini_1                 0x0800011b   Thumb Code     0  libshutdown2.o(.ARM.Collect$$libshutdown$$00000002)
    __rt_lib_shutdown_fp_trap_1              0x0800011b   Thumb Code     0  libshutdown2.o(.ARM.Collect$$libshutdown$$00000009)
    __rt_lib_shutdown_heap_1                 0x0800011b   Thumb Code     0  libshutdown2.o(.ARM.Collect$$libshutdown$$00000011)
    __rt_lib_shutdown_return                 0x0800011b   Thumb Code     0  libshutdown2.o(.ARM.Collect$$libshutdown$$00000012)
    __rt_lib_shutdown_signal_1               0x0800011b   Thumb Code     0  libshutdown2.o(.ARM.Collect$$libshutdown$$0000000C)
    __rt_lib_shutdown_stdio_1                0x0800011b   Thumb Code     0  libshutdown2.o(.ARM.Collect$$libshutdown$$00000006)
    __rt_lib_shutdown_user_alloc_1           0x0800011b   Thumb Code     0  libshutdown2.o(.ARM.Collect$$libshutdown$$0000000E)
    __rt_entry                               0x0800011d   Thumb Code     0  __rtentry.o(.ARM.Collect$$rtentry$$00000000)
    __rt_entry_presh_1                       0x0800011d   Thumb Code     0  __rtentry2.o(.ARM.Collect$$rtentry$$00000002)
    __rt_entry_sh                            0x0800011d   Thumb Code     0  __rtentry4.o(.ARM.Collect$$rtentry$$00000004)
    __rt_entry_li                            0x08000123   Thumb Code     0  __rtentry2.o(.ARM.Collect$$rtentry$$0000000A)
    __rt_entry_postsh_1                      0x08000123   Thumb Code     0  __rtentry2.o(.ARM.Collect$$rtentry$$00000009)
    __rt_entry_main                          0x08000127   Thumb Code     0  __rtentry2.o(.ARM.Collect$$rtentry$$0000000D)
    __rt_entry_postli_1                      0x08000127   Thumb Code     0  __rtentry2.o(.ARM.Collect$$rtentry$$0000000C)
    __rt_exit                                0x0800012f   Thumb Code     0  rtexit.o(.ARM.Collect$$rtexit$$00000000)
    __rt_exit_ls                             0x08000131   Thumb Code     0  rtexit2.o(.ARM.Collect$$rtexit$$00000003)
    __rt_exit_prels_1                        0x08000131   Thumb Code     0  rtexit2.o(.ARM.Collect$$rtexit$$00000002)
    __rt_exit_exit                           0x08000135   Thumb Code     0  rtexit2.o(.ARM.Collect$$rtexit$$00000004)
    Reset_Handler                            0x0800013d   Thumb Code     8  startup_stm32f030x8.o(.text)
    ADC1_IRQHandler                          0x0800014f   Thumb Code     0  startup_stm32f030x8.o(.text)
    DMA1_Channel1_IRQHandler                 0x0800014f   Thumb Code     0  startup_stm32f030x8.o(.text)
    DMA1_Channel2_3_IRQHandler               0x0800014f   Thumb Code     0  startup_stm32f030x8.o(.text)
    DMA1_Channel4_5_IRQHandler               0x0800014f   Thumb Code     0  startup_stm32f030x8.o(.text)
    EXTI0_1_IRQHandler                       0x0800014f   Thumb Code     0  startup_stm32f030x8.o(.text)
    EXTI2_3_IRQHandler                       0x0800014f   Thumb Code     0  startup_stm32f030x8.o(.text)
    EXTI4_15_IRQHandler                      0x0800014f   Thumb Code     0  startup_stm32f030x8.o(.text)
    FLASH_IRQHandler                         0x0800014f   Thumb Code     0  startup_stm32f030x8.o(.text)
    I2C1_IRQHandler                          0x0800014f   Thumb Code     0  startup_stm32f030x8.o(.text)
    I2C2_IRQHandler                          0x0800014f   Thumb Code     0  startup_stm32f030x8.o(.text)
    RCC_IRQHandler                           0x0800014f   Thumb Code     0  startup_stm32f030x8.o(.text)
    RTC_IRQHandler                           0x0800014f   Thumb Code     0  startup_stm32f030x8.o(.text)
    SPI1_IRQHandler                          0x0800014f   Thumb Code     0  startup_stm32f030x8.o(.text)
    SPI2_IRQHandler                          0x0800014f   Thumb Code     0  startup_stm32f030x8.o(.text)
    TIM14_IRQHandler                         0x0800014f   Thumb Code     0  startup_stm32f030x8.o(.text)
    TIM15_IRQHandler                         0x0800014f   Thumb Code     0  startup_stm32f030x8.o(.text)
    TIM16_IRQHandler                         0x0800014f   Thumb Code     0  startup_stm32f030x8.o(.text)
    TIM17_IRQHandler                         0x0800014f   Thumb Code     0  startup_stm32f030x8.o(.text)
    TIM1_BRK_UP_TRG_COM_IRQHandler           0x0800014f   Thumb Code     0  startup_stm32f030x8.o(.text)
    TIM1_CC_IRQHandler                       0x0800014f   Thumb Code     0  startup_stm32f030x8.o(.text)
    TIM3_IRQHandler                          0x0800014f   Thumb Code     0  startup_stm32f030x8.o(.text)
    TIM6_IRQHandler                          0x0800014f   Thumb Code     0  startup_stm32f030x8.o(.text)
    USART1_IRQHandler                        0x0800014f   Thumb Code     0  startup_stm32f030x8.o(.text)
    WWDG_IRQHandler                          0x0800014f   Thumb Code     0  startup_stm32f030x8.o(.text)
    __user_initial_stackheap                 0x08000151   Thumb Code     0  startup_stm32f030x8.o(.text)
    _memset_w                                0x08000175   Thumb Code    26  rt_memclr.o(.text)
    _memset                                  0x0800018f   Thumb Code    30  rt_memclr.o(.text)
    __aeabi_memclr                           0x080001ad   Thumb Code     4  rt_memclr.o(.text)
    __rt_memclr                              0x080001ad   Thumb Code     0  rt_memclr.o(.text)
    __aeabi_memclr4                          0x080001b1   Thumb Code     0  rt_memclr.o(.text)
    __aeabi_memclr8                          0x080001b1   Thumb Code     0  rt_memclr.o(.text)
    __rt_memclr_w                            0x080001b1   Thumb Code     4  rt_memclr.o(.text)
    __aeabi_uidiv                            0x080001b5   Thumb Code     0  aeabi_sdiv.o(.text)
    __aeabi_uidivmod                         0x080001b5   Thumb Code    20  aeabi_sdiv.o(.text)
    __aeabi_idiv                             0x080001c9   Thumb Code     0  aeabi_sdiv.o(.text)
    __aeabi_idivmod                          0x080001c9   Thumb Code   326  aeabi_sdiv.o(.text)
    __use_two_region_memory                  0x0800030f   Thumb Code     2  heapauxi.o(.text)
    __rt_heap_escrow$2region                 0x08000311   Thumb Code     2  heapauxi.o(.text)
    __rt_heap_expand$2region                 0x08000313   Thumb Code     2  heapauxi.o(.text)
    __user_setup_stackheap                   0x08000315   Thumb Code    62  sys_stackheap_outer.o(.text)
    exit                                     0x08000353   Thumb Code    16  exit.o(.text)
    __user_libspace                          0x08000365   Thumb Code     8  libspace.o(.text)
    __user_perproc_libspace                  0x08000365   Thumb Code     0  libspace.o(.text)
    __user_perthread_libspace                0x08000365   Thumb Code     0  libspace.o(.text)
    _sys_exit                                0x0800036d   Thumb Code     8  sys_exit.o(.text)
    __I$use$semihosting                      0x08000379   Thumb Code     0  use_no_semi.o(.text)
    __use_no_semihosting_swi                 0x08000379   Thumb Code     2  use_no_semi.o(.text)
    __decompress                             0x0800037b   Thumb Code     0  __dczerorl2.o(.text)
    __decompress1                            0x0800037b   Thumb Code    86  __dczerorl2.o(.text)
    __semihosting_library_function           0x0800037b   Thumb Code     0  indicate_semi.o(.text)
    HardFault_Handler                        0x08000655   Thumb Code     2  stm32f0xx_it.o(i.HardFault_Handler)
    LL_EXTI_Init                             0x08000689   Thumb Code   176  stm32f0xx_ll_exti.o(i.LL_EXTI_Init)
    LL_GPIO_Init                             0x0800073d   Thumb Code   174  stm32f0xx_ll_gpio.o(i.LL_GPIO_Init)
    LL_Init1msTick                           0x080007ed   Thumb Code    26  stm32f0xx_ll_utils.o(i.LL_Init1msTick)
    LL_RCC_GetSystemClocksFreq               0x0800080d   Thumb Code    24  stm32f0xx_ll_rcc.o(i.LL_RCC_GetSystemClocksFreq)
    LL_RCC_GetUSARTClockFreq                 0x08000825   Thumb Code    80  stm32f0xx_ll_rcc.o(i.LL_RCC_GetUSARTClockFreq)
    LL_SetSystemCoreClock                    0x0800087d   Thumb Code     6  stm32f0xx_ll_utils.o(i.LL_SetSystemCoreClock)
    LL_USART_Init                            0x08000889   Thumb Code   158  stm32f0xx_ll_usart.o(i.LL_USART_Init)
    NMI_Handler                              0x08000a75   Thumb Code     2  stm32f0xx_it.o(i.NMI_Handler)
    PendSV_Handler                           0x08000a77   Thumb Code     2  stm32f0xx_it.o(i.PendSV_Handler)
    RCC_GetHCLKClockFreq                     0x08000a79   Thumb Code    18  stm32f0xx_ll_rcc.o(i.RCC_GetHCLKClockFreq)
    RCC_GetPCLK1ClockFreq                    0x08000a95   Thumb Code    20  stm32f0xx_ll_rcc.o(i.RCC_GetPCLK1ClockFreq)
    RCC_GetSystemClockFreq                   0x08000ab1   Thumb Code    30  stm32f0xx_ll_rcc.o(i.RCC_GetSystemClockFreq)
    RCC_PLL_GetFreqDomain_SYS                0x08000ad9   Thumb Code    52  stm32f0xx_ll_rcc.o(i.RCC_PLL_GetFreqDomain_SYS)
    SVC_Handler                              0x08000b15   Thumb Code     2  stm32f0xx_it.o(i.SVC_Handler)
    SysTick_Handler                          0x08000b17   Thumb Code     2  stm32f0xx_it.o(i.SysTick_Handler)
    SystemClock_Config                       0x08000b19   Thumb Code   156  main.o(i.SystemClock_Config)
    SystemInit                               0x08000bc1   Thumb Code     2  system_stm32f0xx.o(i.SystemInit)
    TCOBSDecode                              0x08000bc5   Thumb Code  2736  tcobsdecode.o(i.TCOBSDecode)
    TCOBSDecodeTest                          0x08001681   Thumb Code    94  tcobstest.o(i.TCOBSDecodeTest)
    TCOBSEncode                              0x080016ed   Thumb Code   746  tcobsencode.o(i.TCOBSEncode)
    TCOBSEncodeTest                          0x080019d9   Thumb Code    74  tcobstest.o(i.TCOBSEncodeTest)
    USART2_IRQHandler                        0x08001a31   Thumb Code     2  stm32f0xx_it.o(i.USART2_IRQHandler)
    main                                     0x08001a35   Thumb Code    46  main.o(i.main)
    AHBPrescTable                            0x08001f0c   Data          16  system_stm32f0xx.o(.constdata)
    APBPrescTable                            0x08001f1c   Data           8  system_stm32f0xx.o(.constdata)
    Region$$Table$$Base                      0x08001f24   Number         0  anon$$obj.o(Region$$Table)
    Region$$Table$$Limit                     0x08001f44   Number         0  anon$$obj.o(Region$$Table)
    SystemCoreClock                          0x20000000   Data           4  system_stm32f0xx.o(.data)
    k                                        0x20000070   Data           4  tcobstest.o(.data)
    __libspace_start                         0x20001264   Data          96  libspace.o(.bss)
    __temporary_stack_top$libspace           0x200012c4   Data           0  libspace.o(.bss)



==============================================================================

Memory Map of the image

  Image Entry point : 0x080000b5

  Load Region LR_IROM1 (Base: 0x08000000, Size: 0x00002208, Max: 0x00010000, ABSOLUTE, COMPRESSED[0x00002108])

    Execution Region ER_IROM1 (Exec base: 0x08000000, Load base: 0x08000000, Size: 0x00001f44, Max: 0x00010000, ABSOLUTE)

    Exec Addr    Load Addr    Size         Type   Attr      Idx    E Section Name        Object

    0x08000000   0x08000000   0x000000b4   Data   RO            3    RESET               startup_stm32f030x8.o
    0x080000b4   0x080000b4   0x00000008   Code   RO          714  * !!!main             c_p.l(__main.o)
    0x080000bc   0x080000bc   0x0000003c   Code   RO          887    !!!scatter          c_p.l(__scatter.o)
    0x080000f8   0x080000f8   0x0000001c   Code   RO          889    !!handler_zi        c_p.l(__scatter_zi.o)
    0x08000114   0x08000114   0x00000002   Code   RO          752    .ARM.Collect$$libinit$$00000000  c_p.l(libinit.o)
    0x08000116   0x08000116   0x00000000   Code   RO          766    .ARM.Collect$$libinit$$00000002  c_p.l(libinit2.o)
    0x08000116   0x08000116   0x00000000   Code   RO          768    .ARM.Collect$$libinit$$00000004  c_p.l(libinit2.o)
    0x08000116   0x08000116   0x00000000   Code   RO          771    .ARM.Collect$$libinit$$0000000A  c_p.l(libinit2.o)
    0x08000116   0x08000116   0x00000000   Code   RO          773    .ARM.Collect$$libinit$$0000000C  c_p.l(libinit2.o)
    0x08000116   0x08000116   0x00000000   Code   RO          775    .ARM.Collect$$libinit$$0000000E  c_p.l(libinit2.o)
    0x08000116   0x08000116   0x00000000   Code   RO          778    .ARM.Collect$$libinit$$00000011  c_p.l(libinit2.o)
    0x08000116   0x08000116   0x00000000   Code   RO          780    .ARM.Collect$$libinit$$00000013  c_p.l(libinit2.o)
    0x08000116   0x08000116   0x00000000   Code   RO          782    .ARM.Collect$$libinit$$00000015  c_p.l(libinit2.o)
    0x08000116   0x08000116   0x00000000   Code   RO          784    .ARM.Collect$$libinit$$00000017  c_p.l(libinit2.o)
    0x08000116   0x08000116   0x00000000   Code   RO          786    .ARM.Collect$$libinit$$00000019  c_p.l(libinit2.o)
    0x08000116   0x08000116   0x00000000   Code   RO          788    .ARM.Collect$$libinit$$0000001B  c_p.l(libinit2.o)
    0x08000116   0x08000116   0x00000000   Code   RO          790    .ARM.Collect$$libinit$$0000001D  c_p.l(libinit2.o)
    0x08000116   0x08000116   0x00000000   Code   RO          792    .ARM.Collect$$libinit$$0000001F  c_p.l(libinit2.o)
    0x08000116   0x08000116   0x00000000   Code   RO          794    .ARM.Collect$$libinit$$00000021  c_p.l(libinit2.o)
    0x08000116   0x08000116   0x00000000   Code   RO          796    .ARM.Collect$$libinit$$00000023  c_p.l(libinit2.o)
    0x08000116   0x08000116   0x00000000   Code   RO          798    .ARM.Collect$$libinit$$00000025  c_p.l(libinit2.o)
    0x08000116   0x08000116   0x00000000   Code   RO          802    .ARM.Collect$$libinit$$0000002C  c_p.l(libinit2.o)
    0x08000116   0x08000116   0x00000000   Code   RO          804    .ARM.Collect$$libinit$$0000002E  c_p.l(libinit2.o)
    0x08000116   0x08000116   0x00000000   Code   RO          806    .ARM.Collect$$libinit$$00000030  c_p.l(libinit2.o)
    0x08000116   0x08000116   0x00000000   Code   RO          808    .ARM.Collect$$libinit$$00000032  c_p.l(libinit2.o)
    0x08000116   0x08000116   0x00000002   Code   RO          809    .ARM.Collect$$libinit$$00000033  c_p.l(libinit2.o)
    0x08000118   0x08000118   0x00000002   Code   RO          840    .ARM.Collect$$libshutdown$$00000000  c_p.l(libshutdown.o)
    0x0800011a   0x0800011a   0x00000000   Code   RO          866    .ARM.Collect$$libshutdown$$00000002  c_p.l(libshutdown2.o)
    0x0800011a   0x0800011a   0x00000000   Code   RO          868    .ARM.Collect$$libshutdown$$00000004  c_p.l(libshutdown2.o)
    0x0800011a   0x0800011a   0x00000000   Code   RO          870    .ARM.Collect$$libshutdown$$00000006  c_p.l(libshutdown2.o)
    0x0800011a   0x0800011a   0x00000000   Code   RO          873    .ARM.Collect$$libshutdown$$00000009  c_p.l(libshutdown2.o)
    0x0800011a   0x0800011a   0x00000000   Code   RO          876    .ARM.Collect$$libshutdown$$0000000C  c_p.l(libshutdown2.o)
    0x0800011a   0x0800011a   0x00000000   Code   RO          878    .ARM.Collect$$libshutdown$$0000000E  c_p.l(libshutdown2.o)
    0x0800011a   0x0800011a   0x00000000   Code   RO          881    .ARM.Collect$$libshutdown$$00000011  c_p.l(libshutdown2.o)
    0x0800011a   0x0800011a   0x00000002   Code   RO          882    .ARM.Collect$$libshutdown$$00000012  c_p.l(libshutdown2.o)
    0x0800011c   0x0800011c   0x00000000   Code   RO          716    .ARM.Collect$$rtentry$$00000000  c_p.l(__rtentry.o)
    0x0800011c   0x0800011c   0x00000000   Code   RO          722    .ARM.Collect$$rtentry$$00000002  c_p.l(__rtentry2.o)
    0x0800011c   0x0800011c   0x00000006   Code   RO          734    .ARM.Collect$$rtentry$$00000004  c_p.l(__rtentry4.o)
    0x08000122   0x08000122   0x00000000   Code   RO          724    .ARM.Collect$$rtentry$$00000009  c_p.l(__rtentry2.o)
    0x08000122   0x08000122   0x00000004   Code   RO          725    .ARM.Collect$$rtentry$$0000000A  c_p.l(__rtentry2.o)
    0x08000126   0x08000126   0x00000000   Code   RO          727    .ARM.Collect$$rtentry$$0000000C  c_p.l(__rtentry2.o)
    0x08000126   0x08000126   0x00000008   Code   RO          728    .ARM.Collect$$rtentry$$0000000D  c_p.l(__rtentry2.o)
    0x0800012e   0x0800012e   0x00000002   Code   RO          757    .ARM.Collect$$rtexit$$00000000  c_p.l(rtexit.o)
    0x08000130   0x08000130   0x00000000   Code   RO          813    .ARM.Collect$$rtexit$$00000002  c_p.l(rtexit2.o)
    0x08000130   0x08000130   0x00000004   Code   RO          814    .ARM.Collect$$rtexit$$00000003  c_p.l(rtexit2.o)
    0x08000134   0x08000134   0x00000006   Code   RO          815    .ARM.Collect$$rtexit$$00000004  c_p.l(rtexit2.o)
    0x0800013a   0x0800013a   0x00000002   PAD
    0x0800013c   0x0800013c   0x00000038   Code   RO            4    .text               startup_stm32f030x8.o
    0x08000174   0x08000174   0x00000040   Code   RO          706    .text               c_p.l(rt_memclr.o)
    0x080001b4   0x080001b4   0x0000015a   Code   RO          708    .text               c_p.l(aeabi_sdiv.o)
    0x0800030e   0x0800030e   0x00000006   Code   RO          712    .text               c_p.l(heapauxi.o)
    0x08000314   0x08000314   0x0000003e   Code   RO          738    .text               c_p.l(sys_stackheap_outer.o)
    0x08000352   0x08000352   0x00000010   Code   RO          741    .text               c_p.l(exit.o)
    0x08000362   0x08000362   0x00000002   PAD
    0x08000364   0x08000364   0x00000008   Code   RO          753    .text               c_p.l(libspace.o)
    0x0800036c   0x0800036c   0x0000000c   Code   RO          810    .text               c_p.l(sys_exit.o)
    0x08000378   0x08000378   0x00000002   Code   RO          829    .text               c_p.l(use_no_semi.o)
    0x0800037a   0x0800037a   0x00000000   Code   RO          831    .text               c_p.l(indicate_semi.o)
    0x0800037a   0x0800037a   0x00000056   Code   RO          885    .text               c_p.l(__dczerorl2.o)
    0x080003d0   0x080003d0   0x000000f0   Code   RO          628    i.CCQNFtoN          tcobsdecode.o
    0x080004c0   0x080004c0   0x000000f0   Code   RO          629    i.CCQNZtoN          tcobsdecode.o
    0x080005b0   0x080005b0   0x000000a4   Code   RO          630    i.CCTNRtoN          tcobsdecode.o
    0x08000654   0x08000654   0x00000002   Code   RO          132    i.HardFault_Handler  stm32f0xx_it.o
    0x08000656   0x08000656   0x00000002   PAD
    0x08000658   0x08000658   0x00000018   Code   RO           13    i.LL_AHB1_GRP1_EnableClock  main.o
    0x08000670   0x08000670   0x00000018   Code   RO           14    i.LL_APB1_GRP1_EnableClock  main.o
    0x08000688   0x08000688   0x000000b4   Code   RO          275    i.LL_EXTI_Init      stm32f0xx_ll_exti.o
    0x0800073c   0x0800073c   0x000000ae   Code   RO          206    i.LL_GPIO_Init      stm32f0xx_ll_gpio.o
    0x080007ea   0x080007ea   0x00000002   PAD
    0x080007ec   0x080007ec   0x00000020   Code   RO          461    i.LL_Init1msTick    stm32f0xx_ll_utils.o
    0x0800080c   0x0800080c   0x00000018   Code   RO          361    i.LL_RCC_GetSystemClocksFreq  stm32f0xx_ll_rcc.o
    0x08000824   0x08000824   0x00000058   Code   RO          362    i.LL_RCC_GetUSARTClockFreq  stm32f0xx_ll_rcc.o
    0x0800087c   0x0800087c   0x0000000c   Code   RO          466    i.LL_SetSystemCoreClock  stm32f0xx_ll_utils.o
    0x08000888   0x08000888   0x000000b0   Code   RO          312    i.LL_USART_Init     stm32f0xx_ll_usart.o
    0x08000938   0x08000938   0x00000088   Code   RO           15    i.MX_GPIO_Init      main.o
    0x080009c0   0x080009c0   0x000000b4   Code   RO           16    i.MX_USART2_UART_Init  main.o
    0x08000a74   0x08000a74   0x00000002   Code   RO          133    i.NMI_Handler       stm32f0xx_it.o
    0x08000a76   0x08000a76   0x00000002   Code   RO          134    i.PendSV_Handler    stm32f0xx_it.o
    0x08000a78   0x08000a78   0x0000001c   Code   RO          363    i.RCC_GetHCLKClockFreq  stm32f0xx_ll_rcc.o
    0x08000a94   0x08000a94   0x0000001c   Code   RO          364    i.RCC_GetPCLK1ClockFreq  stm32f0xx_ll_rcc.o
    0x08000ab0   0x08000ab0   0x00000028   Code   RO          365    i.RCC_GetSystemClockFreq  stm32f0xx_ll_rcc.o
    0x08000ad8   0x08000ad8   0x0000003c   Code   RO          366    i.RCC_PLL_GetFreqDomain_SYS  stm32f0xx_ll_rcc.o
    0x08000b14   0x08000b14   0x00000002   Code   RO          135    i.SVC_Handler       stm32f0xx_it.o
    0x08000b16   0x08000b16   0x00000002   Code   RO          136    i.SysTick_Handler   stm32f0xx_it.o
    0x08000b18   0x08000b18   0x000000a8   Code   RO           17    i.SystemClock_Config  main.o
    0x08000bc0   0x08000bc0   0x00000002   Code   RO          541    i.SystemInit        system_stm32f0xx.o
    0x08000bc2   0x08000bc2   0x00000002   PAD
    0x08000bc4   0x08000bc4   0x00000abc   Code   RO          631    i.TCOBSDecode       tcobsdecode.o
    0x08001680   0x08001680   0x0000006c   Code   RO          670    i.TCOBSDecodeTest   tcobstest.o
    0x080016ec   0x080016ec   0x000002ea   Code   RO          572    i.TCOBSEncode       tcobsencode.o
    0x080019d6   0x080019d6   0x00000002   PAD
    0x080019d8   0x080019d8   0x00000058   Code   RO          671    i.TCOBSEncodeTest   tcobstest.o
    0x08001a30   0x08001a30   0x00000002   Code   RO          137    i.USART2_IRQHandler  stm32f0xx_it.o
    0x08001a32   0x08001a32   0x00000002   PAD
    0x08001a34   0x08001a34   0x00000034   Code   RO           18    i.main              main.o
    0x08001a68   0x08001a68   0x0000004c   Code   RO          573    i.ntoCCQNF          tcobsencode.o
    0x08001ab4   0x08001ab4   0x0000004c   Code   RO          574    i.ntoCCQNZ          tcobsencode.o
    0x08001b00   0x08001b00   0x0000004c   Code   RO          575    i.ntoCCTNR          tcobsencode.o
    0x08001b4c   0x08001b4c   0x00000034   Code   RO          632    i.writeFn           tcobsdecode.o
    0x08001b80   0x08001b80   0x0000010c   Code   RO          576    i.writeFullCount    tcobsencode.o
    0x08001c8c   0x08001c8c   0x00000014   Code   RO          577    i.writeLastSigil    tcobsencode.o
    0x08001ca0   0x08001ca0   0x00000020   Code   RO          578    i.writeNoopSigil    tcobsencode.o
    0x08001cc0   0x08001cc0   0x000000f8   Code   RO          579    i.writeRepeatCount  tcobsencode.o
    0x08001db8   0x08001db8   0x00000034   Code   RO          633    i.writeRn           tcobsdecode.o
    0x08001dec   0x08001dec   0x000000ec   Code   RO          580    i.writeZeroCount    tcobsencode.o
    0x08001ed8   0x08001ed8   0x00000034   Code   RO          634    i.writeZn           tcobsdecode.o
    0x08001f0c   0x08001f0c   0x00000010   Data   RO          542    .constdata          system_stm32f0xx.o
    0x08001f1c   0x08001f1c   0x00000008   Data   RO          543    .constdata          system_stm32f0xx.o
    0x08001f24   0x08001f24   0x00000020   Data   RO          883    Region$$Table       anon$$obj.o


    Execution Region RW_IRAM1 (Exec base: 0x20000000, Load base: 0x08001f44, Size: 0x000018c8, Max: 0x00002000, ABSOLUTE, COMPRESSED[0x000001c4])

    Exec Addr    Load Addr    Size         Type   Attr      Idx    E Section Name        Object

    0x20000000   COMPRESSED   0x00000004   Data   RW          544    .data               system_stm32f0xx.o
    0x20000004   COMPRESSED   0x0000006c   Data   RW          581    .data               tcobsencode.o
    0x20000070   COMPRESSED   0x00000253   Data   RW          673    .data               tcobstest.o
    0x200002c3   COMPRESSED   0x00000001   PAD
    0x200002c4        -       0x00000fa0   Zero   RW          672    .bss                tcobstest.o
    0x20001264        -       0x00000060   Zero   RW          754    .bss                c_p.l(libspace.o)
    0x200012c4   COMPRESSED   0x00000004   PAD
    0x200012c8        -       0x00000200   Zero   RW            2    HEAP                startup_stm32f030x8.o
    0x200014c8        -       0x00000400   Zero   RW            1    STACK               startup_stm32f030x8.o


==============================================================================

Image component sizes


      Code (inc. data)   RO Data    RW Data    ZI Data      Debug   Object Name

       584         52          0          0          0     232044   main.o
        56         26        180          0       1536        624   startup_stm32f030x8.o
        12          0          0          0          0      14487   stm32f0xx_it.o
       180          4          0          0          0       5095   stm32f0xx_ll_exti.o
       174          0          0          0          0       6723   stm32f0xx_ll_gpio.o
       268         44          0          0          0      16928   stm32f0xx_ll_rcc.o
       176         18          0          0          0      17076   stm32f0xx_ll_usart.o
        44         12          0          0          0       2165   stm32f0xx_ll_utils.o
         2          0         24          4          0       1107   system_stm32f0xx.o
      3548         52          0          0          0      11374   tcobsdecode.o
      1778         46          0        108          0       9310   tcobsencode.o
       196         28          0        595       4000       2040   tcobstest.o

    ----------------------------------------------------------------------
      7028        282        236        708       5536     318973   Object Totals
         0          0         32          0          0          0   (incl. Generated)
        10          0          0          1          0          0   (incl. Padding)

    ----------------------------------------------------------------------

      Code (inc. data)   RO Data    RW Data    ZI Data      Debug   Library Member Name

        86          0          0          0          0          0   __dczerorl2.o
         8          0          0          0          0         68   __main.o
         0          0          0          0          0          0   __rtentry.o
        12          0          0          0          0          0   __rtentry2.o
         6          0          0          0          0          0   __rtentry4.o
        60          8          0          0          0          0   __scatter.o
        28          0          0          0          0          0   __scatter_zi.o
       346          0          0          0          0         92   aeabi_sdiv.o
        16          0          0          0          0         68   exit.o
         6          0          0          0          0        136   heapauxi.o
         0          0          0          0          0          0   indicate_semi.o
         2          0          0          0          0          0   libinit.o
         2          0          0          0          0          0   libinit2.o
         2          0          0          0          0          0   libshutdown.o
         2          0          0          0          0          0   libshutdown2.o
         8          4          0          0         96         68   libspace.o
        64          0          0          0          0        108   rt_memclr.o
         2          0          0          0          0          0   rtexit.o
        10          0          0          0          0          0   rtexit2.o
        12          4          0          0          0         60   sys_exit.o
        62          0          0          0          0         80   sys_stackheap_outer.o
         2          0          0          0          0         68   use_no_semi.o

    ----------------------------------------------------------------------
       740         16          0          0        100        748   Library Totals
         4          0          0          0          4          0   (incl. Padding)

    ----------------------------------------------------------------------

      Code (inc. data)   RO Data    RW Data    ZI Data      Debug   Library Name

       736         16          0          0         96        748   c_p.l

    ----------------------------------------------------------------------
       740         16          0          0        100        748   Library Totals

    ----------------------------------------------------------------------

==============================================================================


      Code (inc. data)   RO Data    RW Data    ZI Data      Debug   

      7768        298        236        708       5636     317821   Grand Totals
      7768        298        236        452       5636     317821   ELF Image Totals (compressed)
      7768        298        236        452          0          0   ROM Totals

==============================================================================

    Total RO  Size (Code + RO Data)                 8004 (   7.82kB)
    Total RW  Size (RW Data + ZI Data)              6344 (   6.20kB)
    Total ROM Size (Code + RO Data + RW Data)       8456 (   8.26kB)

==============================================================================

